Processing 0.0.0
Generated files for 0.0.0
Processing 0.0.1
Generated files for 0.0.1
Processing 0.0.2
Generated files for 0.0.2
Processing 0.0.4
Generated files for 0.0.4
Processing 0.0.5
Generated files for 0.0.5
Processing 0.16.0
Generated files for 0.16.0
Processing 0.16.1
Generated files for 0.16.1
Processing 0.16.2
Generated files for 0.16.2
Processing 0.16.3
Generated files for 0.16.3
Processing 0.16.4
Generated files for 0.16.4
Processing 0.16.5
Generated files for 0.16.5
Processing 0.16.6
Generated files for 0.16.6
Processing 0.16.7
Generated files for 0.16.7
Processing 0.16.8
Generated files for 0.16.8
Processing 0.16.9
Generated files for 0.16.9
Processing 0.16.10
Generated files for 0.16.10
Processing 0.16.11
Generated files for 0.16.11
Processing 0.16.12
Generated files for 0.16.12
Processing 0.17.0
Generated files for 0.17.0
Processing 0.18.0-alpha
Generated files for 0.18.0-alpha
Processing 0.18.1-alpha
Generated files for 0.18.1-alpha
Processing 0.18.2-alpha
Generated files for 0.18.2-alpha
Processing 0.18.3-alpha
Generated files for 0.18.3-alpha
Processing 1.0.0
Generated files for 1.0.0
Processing 1.0.1
Generated files for 1.0.1
Processing 1.1.0
Generated files for 1.1.0
Processing 1.1.1
Generated files for 1.1.1
Processing 1.1.2
Generated files for 1.1.2
Processing 1.1.3
Generated files for 1.1.3
Processing 1.1.4
Generated files for 1.1.4
Processing 1.1.5
Generated files for 1.1.5
Processing 1.1.6
Generated files for 1.1.6
Processing 1.1.7
Generated files for 1.1.7
Processing 1.1.8
Generated files for 1.1.8
Processing 1.1.9
Generated files for 1.1.9
Processing 1.2.0
Generated files for 1.2.0
Processing 1.2.1
Generated files for 1.2.1
Processing 1.2.2
Generated files for 1.2.2
Processing 1.2.3
Generated files for 1.2.3
Processing 1.2.4
Generated files for 1.2.4
Processing 1.2.5
Generated files for 1.2.5
Processing 1.2.6
Generated files for 1.2.6
Processing 1.2.7
Generated files for 1.2.7
Processing 1.2.8
Generated files for 1.2.8
Processing 1.2.9
Generated files for 1.2.9
Processing 1.2.10
Generated files for 1.2.10
Processing 1.2.11
Generated files for 1.2.11
Processing 1.2.13
Generated files for 1.2.13
Processing 1.2.14
Generated files for 1.2.14
Processing 1.3.0
Generated files for 1.3.0
Processing 1.4.0
Generated files for 1.4.0
Processing 1.5.0
Generated files for 1.5.0
Processing 1.5.1
Generated files for 1.5.1
Processing 1.5.2
Generated files for 1.5.2
Processing 1.5.3
Generated files for 1.5.3
Processing 1.5.4
Generated files for 1.5.4
Processing 3.1.0
Generated files for 3.1.0
Processing 3.1.1
Generated files for 3.1.1
Processing 3.1.2
Generated files for 3.1.2
Processing 3.2.0
Generated files for 3.2.0
Processing 3.2.1
Generated files for 3.2.1
Processing 3.2.2
Generated files for 3.2.2
Processing 3.3.0
Generated files for 3.3.0
Processing 3.4.0
Generated files for 3.4.0
Processing 3.4.1
Generated files for 3.4.1
Processing 3.4.2
Generated files for 3.4.2
Processing 4.3.4
Generated files for 4.3.4
Processing 4.4.0
Generated files for 4.4.0
Processing 4.4.1
Generated files for 4.4.1
Processing 4.4.2
Generated files for 4.4.2
Processing 4.4.3
Generated files for 4.4.3
Processing 4.4.4
Generated files for 4.4.4
Processing 4.4.5
Generated files for 4.4.5
Processing 4.4.6
Generated files for 4.4.6
Processing 4.4.7
Generated files for 4.4.7
Processing 4.4.8
Generated files for 4.4.8
Processing 4.4.9
Generated files for 4.4.9
Processing 4.4.10
Generated files for 4.4.10
Processing 4.4.11
Generated files for 4.4.11
Processing 4.4.12
Generated files for 4.4.12
Processing 4.4.13
Generated files for 4.4.13
Processing 4.4.14
Generated files for 4.4.14
Processing 4.4.15
Generated files for 4.4.15
Processing 4.4.16
Generated files for 4.4.16
Processing 4.4.17
Generated files for 4.4.17
Processing 4.4.18
Generated files for 4.4.18
Processing 4.5.0
Generated files for 4.5.0
Processing 4.5.1
Generated files for 4.5.1
Processing 4.5.2
Generated files for 4.5.2
Processing 4.5.3
Generated files for 4.5.3
Processing 4.5.4
Generated files for 4.5.4
Processing 4.6.0
Generated files for 4.6.0
Processing 4.7.0
Generated files for 4.7.0
Processing 4.7.1
Generated files for 4.7.1
Processing 4.7.2
Generated files for 4.7.2
Processing 4.8.0
Generated files for 4.8.0
Processing 4.8.1
Generated files for 4.8.1
Processing 4.8.2
Generated files for 4.8.2
Processing 4.8.3
Generated files for 4.8.3
Processing 4.8.4
Generated files for 4.8.4
Processing 4.8.5
Generated files for 4.8.5
Processing 4.8.6
Generated files for 4.8.6
Processing 4.8.7
Generated files for 4.8.7
Processing 4.8.8
Generated files for 4.8.8
Processing 4.8.9
Generated files for 4.8.9
Processing 4.8.10
Generated files for 4.8.10
Processing 4.8.11
Generated files for 4.8.11
Processing 4.9.0
Generated files for 4.9.0
Processing 4.9.1
Generated files for 4.9.1
Processing 4.9.2
Generated files for 4.9.2
Processing 4.9.3
Generated files for 4.9.3
Processing 4.10.0
Generated files for 4.10.0
Processing 4.11.0
Generated files for 4.11.0
Processing 4.11.1
Generated files for 4.11.1
Processing 4.11.2
Generated files for 4.11.2
Processing 4.11.3
Generated files for 4.11.3
Processing 4.12.0
Generated files for 4.12.0
Processing 4.13.0
Generated files for 4.13.0
Processing 4.13.1
Generated files for 4.13.1
Processing 4.13.2
Generated files for 4.13.2
Processing 4.14.0
Generated files for 4.14.0
Processing 4.14.1
Generated files for 4.14.1
Processing 4.14.3
Generated files for 4.14.3
Processing 4.14.4
Generated files for 4.14.4
Processing 4.15.0
Generated files for 4.15.0
Processing 4.15.1
Generated files for 4.15.1
Processing 4.15.2
Generated files for 4.15.2
Processing 4.15.3
Generated files for 4.15.3
Processing 4.15.4
Generated files for 4.15.4
Processing 4.15.5
Generated files for 4.15.5
Processing 4.15.6
Generated files for 4.15.6
Processing 4.15.7
Generated files for 4.15.7
Processing 4.15.8
Generated files for 4.15.8
Processing 4.15.9
Generated files for 4.15.9
Processing 4.15.10
Generated files for 4.15.10
Processing 4.15.11
Generated files for 4.15.11
Processing 4.15.12
Generated files for 4.15.12
Processing 4.15.14
Generated files for 4.15.14
Processing 4.15.15
Generated files for 4.15.15
Processing 4.16.0
Generated files for 4.16.0
Processing 4.16.1
Generated files for 4.16.1
Processing 4.17.0
Generated files for 4.17.0
Processing 4.17.1
Generated files for 4.17.1
Processing 4.17.2
Generated files for 4.17.2
Processing 4.17.3
Generated files for 4.17.3
Processing 4.17.4
Generated files for 4.17.4
Processing 4.17.5
Generated files for 4.17.5
Processing 4.17.6
Generated files for 4.17.6
Processing 4.17.7
Generated files for 4.17.7
Processing 4.17.8
Generated files for 4.17.8
Processing 4.17.9
Generated files for 4.17.9
Processing 4.17.10
Generated files for 4.17.10
Processing 4.17.11
Generated files for 4.17.11
Processing 4.17.12
Generated files for 4.17.12
Processing 4.17.13
Generated files for 4.17.13
Processing 4.17.14
Generated files for 4.17.14
Processing 4.17.15
Generated files for 4.17.15
Processing 4.17.16
Generated files for 4.17.16
Processing 4.17.17
Generated files for 4.17.17
Processing 4.17.18
Generated files for 4.17.18
Processing 4.17.19
Generated files for 4.17.19
Processing 4.17.20
Generated files for 4.17.20
Processing 4.17.21
Generated files for 4.17.21
Processing 4.17.22
Generated files for 4.17.22
Processing 4.17.23
Generated files for 4.17.23
Processing 4.17.24
Generated files for 4.17.24
Processing 4.17.25
Generated files for 4.17.25
Processing 4.17.26
Generated files for 4.17.26
Processing 4.17.27
Generated files for 4.17.27
Processing 4.17.28
Generated files for 4.17.28
Processing 4.17.29
Generated files for 4.17.29
Processing 4.17.30
Generated files for 4.17.30
Processing 4.17.31
Generated files for 4.17.31
Processing 4.17.32
Generated files for 4.17.32
Processing 4.17.33
Generated files for 4.17.33
Processing 4.17.34
warning: refname '4.17.34' is ambiguous.
warning: refname '4.17.34' is ambiguous.
Generated files for 4.17.34
Processing 4.17.35
warning: refname '4.17.34' is ambiguous.
warning: refname '4.17.34' is ambiguous.
Generated files for 4.17.35
Processing 5.0.0
Generated files for 5.0.0
Processing 5.1.0
Generated files for 5.1.0
Processing 5.2.0
Generated files for 5.2.0
Processing 5.2.1
Generated files for 5.2.1
Processing 5.2.2
Generated files for 5.2.2
Processing 5.3.0
Generated files for 5.3.0
Processing 5.4.0
Generated files for 5.4.0
Processing 5.4.1
Generated files for 5.4.1
Processing 5.5.0
Generated files for 5.5.0
Processing 5.5.1
Generated files for 5.5.1
Processing 5.5.2
Generated files for 5.5.2
Processing 5.5.3
Generated files for 5.5.3
Processing 5.5.4
Generated files for 5.5.4
Processing 5.5.5
Generated files for 5.5.5
Processing 5.5.6
Generated files for 5.5.6
Processing 5.5.7
Generated files for 5.5.7
Processing 5.6.0
Generated files for 5.6.0
Processing 5.6.1
Generated files for 5.6.1
Processing 5.6.2
Generated files for 5.6.2
Processing 5.6.3
Generated files for 5.6.3
Processing 5.7.0
Generated files for 5.7.0
Processing 5.7.1
Generated files for 5.7.1
Processing 5.7.2
Generated files for 5.7.2
Processing 5.7.3
Generated files for 5.7.3
All done!
